Archive member included to satisfy reference by file (symbol)

e:/iot/5.4 2016q2/bin/../lib/gcc/arm-none-eabi/5.4.1/armv6-m\libgcc.a(_udivsi3.o)
                              ..\obj\stm32f0xx_rcc.o (__aeabi_uidiv)
e:/iot/5.4 2016q2/bin/../lib/gcc/arm-none-eabi/5.4.1/armv6-m\libgcc.a(_dvmd_tls.o)
                              e:/iot/5.4 2016q2/bin/../lib/gcc/arm-none-eabi/5.4.1/armv6-m\libgcc.a(_udivsi3.o) (__aeabi_idiv0)
e:/iot/5.4 2016q2/bin/../lib/gcc/arm-none-eabi/5.4.1/../../../../arm-none-eabi/lib/armv6-m\libg.a(lib_a-malloc.o)
                              ..\obj\Array.o (malloc)
e:/iot/5.4 2016q2/bin/../lib/gcc/arm-none-eabi/5.4.1/../../../../arm-none-eabi/lib/armv6-m\libg.a(lib_a-mallocr.o)
                              e:/iot/5.4 2016q2/bin/../lib/gcc/arm-none-eabi/5.4.1/../../../../arm-none-eabi/lib/armv6-m\libg.a(lib_a-malloc.o) (_malloc_r)
e:/iot/5.4 2016q2/bin/../lib/gcc/arm-none-eabi/5.4.1/../../../../arm-none-eabi/lib/armv6-m\libg.a(lib_a-memset.o)
                              ..\obj\data_processing.o (memset)
e:/iot/5.4 2016q2/bin/../lib/gcc/arm-none-eabi/5.4.1/../../../../arm-none-eabi/lib/armv6-m\libg.a(lib_a-mlock.o)
                              e:/iot/5.4 2016q2/bin/../lib/gcc/arm-none-eabi/5.4.1/../../../../arm-none-eabi/lib/armv6-m\libg.a(lib_a-mallocr.o) (__malloc_lock)
e:/iot/5.4 2016q2/bin/../lib/gcc/arm-none-eabi/5.4.1/../../../../arm-none-eabi/lib/armv6-m\libg.a(lib_a-realloc.o)
                              ..\obj\Array.o (realloc)
e:/iot/5.4 2016q2/bin/../lib/gcc/arm-none-eabi/5.4.1/../../../../arm-none-eabi/lib/armv6-m\libg.a(lib_a-reallocr.o)
                              e:/iot/5.4 2016q2/bin/../lib/gcc/arm-none-eabi/5.4.1/../../../../arm-none-eabi/lib/armv6-m\libg.a(lib_a-realloc.o) (_realloc_r)
e:/iot/5.4 2016q2/bin/../lib/gcc/arm-none-eabi/5.4.1/../../../../arm-none-eabi/lib/armv6-m\libg.a(lib_a-sbrkr.o)
                              e:/iot/5.4 2016q2/bin/../lib/gcc/arm-none-eabi/5.4.1/../../../../arm-none-eabi/lib/armv6-m\libg.a(lib_a-mallocr.o) (_sbrk_r)
e:/iot/5.4 2016q2/bin/../lib/gcc/arm-none-eabi/5.4.1/../../../../arm-none-eabi/lib/armv6-m\libg.a(lib_a-strlen-stub.o)
                              ..\obj\USART.o (strlen)
e:/iot/5.4 2016q2/bin/../lib/gcc/arm-none-eabi/5.4.1/../../../../arm-none-eabi/lib/armv6-m\libg.a(lib_a-freer.o)
                              e:/iot/5.4 2016q2/bin/../lib/gcc/arm-none-eabi/5.4.1/../../../../arm-none-eabi/lib/armv6-m\libg.a(lib_a-malloc.o) (_free_r)
e:/iot/5.4 2016q2/bin/../lib/gcc/arm-none-eabi/5.4.1/../../../../arm-none-eabi/lib/armv6-m\libg.a(lib_a-memmove.o)
                              e:/iot/5.4 2016q2/bin/../lib/gcc/arm-none-eabi/5.4.1/../../../../arm-none-eabi/lib/armv6-m\libg.a(lib_a-reallocr.o) (memmove)
e:/iot/5.4 2016q2/bin/../lib/gcc/arm-none-eabi/5.4.1/../../../../arm-none-eabi/lib/armv6-m\libg.a(lib_a-reent.o)
                              e:/iot/5.4 2016q2/bin/../lib/gcc/arm-none-eabi/5.4.1/../../../../arm-none-eabi/lib/armv6-m\libg.a(lib_a-sbrkr.o) (errno)

Allocating common symbols
Common symbol       size              file

errno               0x4               e:/iot/5.4 2016q2/bin/../lib/gcc/arm-none-eabi/5.4.1/../../../../arm-none-eabi/lib/armv6-m\libg.a(lib_a-reent.o)

Discarded input sections

 .text          0x00000000        0x0 ..\obj\semihosting.o
 .data          0x00000000        0x0 ..\obj\semihosting.o
 .text.SH_SendString
                0x00000000       0x1c ..\obj\semihosting.o
 .text.SH_GetChar
                0x00000000       0x3c ..\obj\semihosting.o
 .text          0x00000000        0x0 ..\obj\stm32f0xx_rcc.o
 .bss           0x00000000        0x0 ..\obj\stm32f0xx_rcc.o
 .text.RCC_DeInit
                0x00000000       0x88 ..\obj\stm32f0xx_rcc.o
 .text.RCC_HSEConfig
                0x00000000       0x28 ..\obj\stm32f0xx_rcc.o
 .text.RCC_WaitForHSEStartUp
                0x00000000       0x60 ..\obj\stm32f0xx_rcc.o
 .text.RCC_AdjustHSICalibrationValue
                0x00000000       0x3c ..\obj\stm32f0xx_rcc.o
 .text.RCC_HSICmd
                0x00000000       0x3c ..\obj\stm32f0xx_rcc.o
 .text.RCC_AdjustHSI14CalibrationValue
                0x00000000       0x3c ..\obj\stm32f0xx_rcc.o
 .text.RCC_HSI14Cmd
                0x00000000       0x3c ..\obj\stm32f0xx_rcc.o
 .text.RCC_HSI14ADCRequestCmd
                0x00000000       0x3c ..\obj\stm32f0xx_rcc.o
 .text.RCC_LSEConfig
                0x00000000       0x38 ..\obj\stm32f0xx_rcc.o
 .text.RCC_LSEDriveConfig
                0x00000000       0x2c ..\obj\stm32f0xx_rcc.o
 .text.RCC_LSICmd
                0x00000000       0x3c ..\obj\stm32f0xx_rcc.o
 .text.RCC_PLLConfig
                0x00000000       0x38 ..\obj\stm32f0xx_rcc.o
 .text.RCC_PLLCmd
                0x00000000       0x40 ..\obj\stm32f0xx_rcc.o
 .text.RCC_HSI48Cmd
                0x00000000       0x40 ..\obj\stm32f0xx_rcc.o
 .text.RCC_PREDIV1Config
                0x00000000       0x34 ..\obj\stm32f0xx_rcc.o
 .text.RCC_ClockSecuritySystemCmd
                0x00000000       0x40 ..\obj\stm32f0xx_rcc.o
 .text.RCC_MCOConfig
                0x00000000       0x44 ..\obj\stm32f0xx_rcc.o
 .text.RCC_SYSCLKConfig
                0x00000000       0x34 ..\obj\stm32f0xx_rcc.o
 .text.RCC_GetSYSCLKSource
                0x00000000       0x1c ..\obj\stm32f0xx_rcc.o
 .text.RCC_HCLKConfig
                0x00000000       0x34 ..\obj\stm32f0xx_rcc.o
 .text.RCC_PCLKConfig
                0x00000000       0x38 ..\obj\stm32f0xx_rcc.o
 .text.RCC_ADCCLKConfig
                0x00000000       0x54 ..\obj\stm32f0xx_rcc.o
 .text.RCC_CECCLKConfig
                0x00000000       0x2c ..\obj\stm32f0xx_rcc.o
 .text.RCC_I2CCLKConfig
                0x00000000       0x2c ..\obj\stm32f0xx_rcc.o
 .text.RCC_USARTCLKConfig
                0x00000000       0x50 ..\obj\stm32f0xx_rcc.o
 .text.RCC_USBCLKConfig
                0x00000000       0x2c ..\obj\stm32f0xx_rcc.o
 .text.RCC_RTCCLKConfig
                0x00000000       0x20 ..\obj\stm32f0xx_rcc.o
 .text.RCC_RTCCLKCmd
                0x00000000       0x40 ..\obj\stm32f0xx_rcc.o
 .text.RCC_BackupResetCmd
                0x00000000       0x40 ..\obj\stm32f0xx_rcc.o
 .text.RCC_AHBPeriphClockCmd
                0x00000000       0x40 ..\obj\stm32f0xx_rcc.o
 .text.RCC_APB2PeriphClockCmd
                0x00000000       0x40 ..\obj\stm32f0xx_rcc.o
 .text.RCC_APB1PeriphClockCmd
                0x00000000       0x40 ..\obj\stm32f0xx_rcc.o
 .text.RCC_AHBPeriphResetCmd
                0x00000000       0x40 ..\obj\stm32f0xx_rcc.o
 .text.RCC_APB2PeriphResetCmd
                0x00000000       0x40 ..\obj\stm32f0xx_rcc.o
 .text.RCC_APB1PeriphResetCmd
                0x00000000       0x40 ..\obj\stm32f0xx_rcc.o
 .text.RCC_ITConfig
                0x00000000       0x50 ..\obj\stm32f0xx_rcc.o
 .text.RCC_GetFlagStatus
                0x00000000       0x94 ..\obj\stm32f0xx_rcc.o
 .text.RCC_ClearFlag
                0x00000000       0x1c ..\obj\stm32f0xx_rcc.o
 .text.RCC_GetITStatus
                0x00000000       0x44 ..\obj\stm32f0xx_rcc.o
 .text.RCC_ClearITPendingBit
                0x00000000       0x20 ..\obj\stm32f0xx_rcc.o
 .text          0x00000000        0x0 ..\obj\motor_control.o
 .data          0x00000000        0x0 ..\obj\motor_control.o
 .bss           0x00000000        0x0 ..\obj\motor_control.o
 .text.initMotor
                0x00000000       0x2c ..\obj\motor_control.o
 .text.turnOnMotorDown
                0x00000000       0x34 ..\obj\motor_control.o
 .text.turnOnMotorUp
                0x00000000       0x38 ..\obj\motor_control.o
 .text.turnoffMotor
                0x00000000       0x38 ..\obj\motor_control.o
 .debug_info    0x00000000      0x1ca ..\obj\motor_control.o
 .debug_abbrev  0x00000000       0x9c ..\obj\motor_control.o
 .debug_aranges
                0x00000000       0x38 ..\obj\motor_control.o
 .debug_ranges  0x00000000       0x28 ..\obj\motor_control.o
 .debug_line    0x00000000      0x173 ..\obj\motor_control.o
 .debug_str     0x00000000      0x204 ..\obj\motor_control.o
 .comment       0x00000000       0x6f ..\obj\motor_control.o
 .debug_frame   0x00000000       0x80 ..\obj\motor_control.o
 .ARM.attributes
                0x00000000       0x31 ..\obj\motor_control.o
 .text          0x00000000        0x0 ..\obj\main.o
 .data          0x00000000        0x0 ..\obj\main.o
 .text          0x00000000       0x14 ..\obj\startup_stm32f0xx.o
 .data          0x00000000        0x0 ..\obj\startup_stm32f0xx.o
 .bss           0x00000000        0x0 ..\obj\startup_stm32f0xx.o
 .text          0x00000000        0x0 ..\obj\printf.o
 .bss           0x00000000        0x0 ..\obj\printf.o
 .text.snprintf
                0x00000000       0x34 ..\obj\printf.o
 .text.fprintf  0x00000000       0x30 ..\obj\printf.o
 .text          0x00000000        0x0 ..\obj\data_processing.o
 .data          0x00000000        0x0 ..\obj\data_processing.o
 .bss           0x00000000        0x0 ..\obj\data_processing.o
 .text          0x00000000        0x0 ..\obj\HC_SR04.o
 .data          0x00000000        0x0 ..\obj\HC_SR04.o
 .bss           0x00000000        0x0 ..\obj\HC_SR04.o
 .debug_line    0x00000000        0x0 ..\obj\HC_SR04.o
 .debug_str     0x00000000       0xba ..\obj\HC_SR04.o
 .comment       0x00000000       0x6f ..\obj\HC_SR04.o
 .ARM.attributes
                0x00000000       0x31 ..\obj\HC_SR04.o
 .text          0x00000000        0x0 ..\obj\stm32f0xx_gpio.o
 .data          0x00000000        0x0 ..\obj\stm32f0xx_gpio.o
 .bss           0x00000000        0x0 ..\obj\stm32f0xx_gpio.o
 .text.GPIO_DeInit
                0x00000000       0xf0 ..\obj\stm32f0xx_gpio.o
 .text.GPIO_Init
                0x00000000      0x130 ..\obj\stm32f0xx_gpio.o
 .text.GPIO_StructInit
                0x00000000       0x34 ..\obj\stm32f0xx_gpio.o
 .text.GPIO_PinLockConfig
                0x00000000       0x48 ..\obj\stm32f0xx_gpio.o
 .text.GPIO_ReadInputDataBit
                0x00000000       0x48 ..\obj\stm32f0xx_gpio.o
 .text.GPIO_ReadInputData
                0x00000000       0x18 ..\obj\stm32f0xx_gpio.o
 .text.GPIO_ReadOutputDataBit
                0x00000000       0x48 ..\obj\stm32f0xx_gpio.o
 .text.GPIO_ReadOutputData
                0x00000000       0x18 ..\obj\stm32f0xx_gpio.o
 .text.GPIO_SetBits
                0x00000000       0x20 ..\obj\stm32f0xx_gpio.o
 .text.GPIO_ResetBits
                0x00000000       0x20 ..\obj\stm32f0xx_gpio.o
 .text.GPIO_WriteBit
                0x00000000       0x3c ..\obj\stm32f0xx_gpio.o
 .text.GPIO_Write
                0x00000000       0x20 ..\obj\stm32f0xx_gpio.o
 .text.GPIO_PinAFConfig
                0x00000000       0xa4 ..\obj\stm32f0xx_gpio.o
 .debug_info    0x00000000      0x5e7 ..\obj\stm32f0xx_gpio.o
 .debug_abbrev  0x00000000      0x19f ..\obj\stm32f0xx_gpio.o
 .debug_aranges
                0x00000000       0x80 ..\obj\stm32f0xx_gpio.o
 .debug_ranges  0x00000000       0x70 ..\obj\stm32f0xx_gpio.o
 .debug_line    0x00000000      0x2f1 ..\obj\stm32f0xx_gpio.o
 .debug_str     0x00000000      0x496 ..\obj\stm32f0xx_gpio.o
 .comment       0x00000000       0x6f ..\obj\stm32f0xx_gpio.o
 .debug_frame   0x00000000      0x1b0 ..\obj\stm32f0xx_gpio.o
 .ARM.attributes
                0x00000000       0x31 ..\obj\stm32f0xx_gpio.o
 .data          0x00000000        0x0 ..\obj\sh_cmd.o
 .bss           0x00000000        0x0 ..\obj\sh_cmd.o
 .text          0x00000000        0x0 ..\obj\syscalls.o
 .data          0x00000000        0x0 ..\obj\syscalls.o
 .bss           0x00000000        0x4 ..\obj\syscalls.o
 .text._sbrk    0x00000000       0x3c ..\obj\syscalls.o
 .text.link     0x00000000       0x18 ..\obj\syscalls.o
 .text._close   0x00000000       0x14 ..\obj\syscalls.o
 .text._fstat   0x00000000       0x1c ..\obj\syscalls.o
 .text._isatty  0x00000000       0x14 ..\obj\syscalls.o
 .text._lseek   0x00000000       0x18 ..\obj\syscalls.o
 .text._read    0x00000000       0x18 ..\obj\syscalls.o
 .text._write   0x00000000       0x18 ..\obj\syscalls.o
 .text.abort    0x00000000        0x8 ..\obj\syscalls.o
 .debug_info    0x00000000      0x458 ..\obj\syscalls.o
 .debug_abbrev  0x00000000       0xe5 ..\obj\syscalls.o
 .debug_aranges
                0x00000000       0x60 ..\obj\syscalls.o
 .debug_ranges  0x00000000       0x50 ..\obj\syscalls.o
 .debug_line    0x00000000      0x1af ..\obj\syscalls.o
 .debug_str     0x00000000      0x363 ..\obj\syscalls.o
 .comment       0x00000000       0x6f ..\obj\syscalls.o
 .debug_frame   0x00000000      0x12c ..\obj\syscalls.o
 .ARM.attributes
                0x00000000       0x31 ..\obj\syscalls.o
 .text          0x00000000        0x0 ..\obj\Array.o
 .data          0x00000000        0x0 ..\obj\Array.o
 .bss           0x00000000        0x0 ..\obj\Array.o
 .text.initArray
                0x00000000       0x30 ..\obj\Array.o
 .text.insertArray
                0x00000000       0x58 ..\obj\Array.o
 .text.freeArray
                0x00000000       0x30 ..\obj\Array.o
 .debug_info    0x00000000      0x18e ..\obj\Array.o
 .debug_abbrev  0x00000000       0xe7 ..\obj\Array.o
 .debug_aranges
                0x00000000       0x30 ..\obj\Array.o
 .debug_ranges  0x00000000       0x20 ..\obj\Array.o
 .debug_line    0x00000000       0xef ..\obj\Array.o
 .debug_str     0x00000000      0x216 ..\obj\Array.o
 .comment       0x00000000       0x6f ..\obj\Array.o
 .debug_frame   0x00000000       0x70 ..\obj\Array.o
 .ARM.attributes
                0x00000000       0x31 ..\obj\Array.o
 .text          0x00000000        0x0 ..\obj\system_stm32f0xx.o
 .data          0x00000000       0x14 ..\obj\system_stm32f0xx.o
 .bss           0x00000000        0x0 ..\obj\system_stm32f0xx.o
 .text.SystemCoreClockUpdate
                0x00000000       0xd4 ..\obj\system_stm32f0xx.o
 .text          0x00000000        0x0 ..\obj\USART.o
 .data          0x00000000        0x0 ..\obj\USART.o
 .bss           0x00000000        0x0 ..\obj\USART.o
 .data          0x00000000        0x0 e:/iot/5.4 2016q2/bin/../lib/gcc/arm-none-eabi/5.4.1/armv6-m\libgcc.a(_udivsi3.o)
 .bss           0x00000000        0x0 e:/iot/5.4 2016q2/bin/../lib/gcc/arm-none-eabi/5.4.1/armv6-m\libgcc.a(_udivsi3.o)
 .data          0x00000000        0x0 e:/iot/5.4 2016q2/bin/../lib/gcc/arm-none-eabi/5.4.1/armv6-m\libgcc.a(_dvmd_tls.o)
 .bss           0x00000000        0x0 e:/iot/5.4 2016q2/bin/../lib/gcc/arm-none-eabi/5.4.1/armv6-m\libgcc.a(_dvmd_tls.o)
 .text          0x00000000        0x0 e:/iot/5.4 2016q2/bin/../lib/gcc/arm-none-eabi/5.4.1/../../../../arm-none-eabi/lib/armv6-m\libg.a(lib_a-malloc.o)
 .data          0x00000000        0x0 e:/iot/5.4 2016q2/bin/../lib/gcc/arm-none-eabi/5.4.1/../../../../arm-none-eabi/lib/armv6-m\libg.a(lib_a-malloc.o)
 .bss           0x00000000        0x0 e:/iot/5.4 2016q2/bin/../lib/gcc/arm-none-eabi/5.4.1/../../../../arm-none-eabi/lib/armv6-m\libg.a(lib_a-malloc.o)
 .text.malloc   0x00000000       0x14 e:/iot/5.4 2016q2/bin/../lib/gcc/arm-none-eabi/5.4.1/../../../../arm-none-eabi/lib/armv6-m\libg.a(lib_a-malloc.o)
 .text.free     0x00000000       0x14 e:/iot/5.4 2016q2/bin/../lib/gcc/arm-none-eabi/5.4.1/../../../../arm-none-eabi/lib/armv6-m\libg.a(lib_a-malloc.o)
 .debug_frame   0x00000000       0x40 e:/iot/5.4 2016q2/bin/../lib/gcc/arm-none-eabi/5.4.1/../../../../arm-none-eabi/lib/armv6-m\libg.a(lib_a-malloc.o)
 .ARM.attributes
                0x00000000       0x2c e:/iot/5.4 2016q2/bin/../lib/gcc/arm-none-eabi/5.4.1/../../../../arm-none-eabi/lib/armv6-m\libg.a(lib_a-malloc.o)
 .text          0x00000000        0x0 e:/iot/5.4 2016q2/bin/../lib/gcc/arm-none-eabi/5.4.1/../../../../arm-none-eabi/lib/armv6-m\libg.a(lib_a-mallocr.o)
 .data          0x00000000        0x0 e:/iot/5.4 2016q2/bin/../lib/gcc/arm-none-eabi/5.4.1/../../../../arm-none-eabi/lib/armv6-m\libg.a(lib_a-mallocr.o)
 .bss           0x00000000        0x0 e:/iot/5.4 2016q2/bin/../lib/gcc/arm-none-eabi/5.4.1/../../../../arm-none-eabi/lib/armv6-m\libg.a(lib_a-mallocr.o)
 .text._malloc_r
                0x00000000      0x554 e:/iot/5.4 2016q2/bin/../lib/gcc/arm-none-eabi/5.4.1/../../../../arm-none-eabi/lib/armv6-m\libg.a(lib_a-mallocr.o)
 .data.__malloc_av_
                0x00000000      0x408 e:/iot/5.4 2016q2/bin/../lib/gcc/arm-none-eabi/5.4.1/../../../../arm-none-eabi/lib/armv6-m\libg.a(lib_a-mallocr.o)
 .data.__malloc_trim_threshold
                0x00000000        0x4 e:/iot/5.4 2016q2/bin/../lib/gcc/arm-none-eabi/5.4.1/../../../../arm-none-eabi/lib/armv6-m\libg.a(lib_a-mallocr.o)
 .bss.__malloc_max_total_mem
                0x00000000        0x4 e:/iot/5.4 2016q2/bin/../lib/gcc/arm-none-eabi/5.4.1/../../../../arm-none-eabi/lib/armv6-m\libg.a(lib_a-mallocr.o)
 .bss.__malloc_max_sbrked_mem
                0x00000000        0x4 e:/iot/5.4 2016q2/bin/../lib/gcc/arm-none-eabi/5.4.1/../../../../arm-none-eabi/lib/armv6-m\libg.a(lib_a-mallocr.o)
 .bss.__malloc_top_pad
                0x00000000        0x4 e:/iot/5.4 2016q2/bin/../lib/gcc/arm-none-eabi/5.4.1/../../../../arm-none-eabi/lib/armv6-m\libg.a(lib_a-mallocr.o)
 .bss.__malloc_current_mallinfo
                0x00000000       0x28 e:/iot/5.4 2016q2/bin/../lib/gcc/arm-none-eabi/5.4.1/../../../../arm-none-eabi/lib/armv6-m\libg.a(lib_a-mallocr.o)
 .data.__malloc_sbrk_base
                0x00000000        0x4 e:/iot/5.4 2016q2/bin/../lib/gcc/arm-none-eabi/5.4.1/../../../../arm-none-eabi/lib/armv6-m\libg.a(lib_a-mallocr.o)
 .debug_frame   0x00000000       0x3c e:/iot/5.4 2016q2/bin/../lib/gcc/arm-none-eabi/5.4.1/../../../../arm-none-eabi/lib/armv6-m\libg.a(lib_a-mallocr.o)
 .ARM.attributes
                0x00000000       0x2c e:/iot/5.4 2016q2/bin/../lib/gcc/arm-none-eabi/5.4.1/../../../../arm-none-eabi/lib/armv6-m\libg.a(lib_a-mallocr.o)
 .text          0x00000000        0x0 e:/iot/5.4 2016q2/bin/../lib/gcc/arm-none-eabi/5.4.1/../../../../arm-none-eabi/lib/armv6-m\libg.a(lib_a-memset.o)
 .data          0x00000000        0x0 e:/iot/5.4 2016q2/bin/../lib/gcc/arm-none-eabi/5.4.1/../../../../arm-none-eabi/lib/armv6-m\libg.a(lib_a-memset.o)
 .bss           0x00000000        0x0 e:/iot/5.4 2016q2/bin/../lib/gcc/arm-none-eabi/5.4.1/../../../../arm-none-eabi/lib/armv6-m\libg.a(lib_a-memset.o)
 .text          0x00000000        0x0 e:/iot/5.4 2016q2/bin/../lib/gcc/arm-none-eabi/5.4.1/../../../../arm-none-eabi/lib/armv6-m\libg.a(lib_a-mlock.o)
 .data          0x00000000        0x0 e:/iot/5.4 2016q2/bin/../lib/gcc/arm-none-eabi/5.4.1/../../../../arm-none-eabi/lib/armv6-m\libg.a(lib_a-mlock.o)
 .bss           0x00000000        0x0 e:/iot/5.4 2016q2/bin/../lib/gcc/arm-none-eabi/5.4.1/../../../../arm-none-eabi/lib/armv6-m\libg.a(lib_a-mlock.o)
 .text.__malloc_lock
                0x00000000        0x4 e:/iot/5.4 2016q2/bin/../lib/gcc/arm-none-eabi/5.4.1/../../../../arm-none-eabi/lib/armv6-m\libg.a(lib_a-mlock.o)
 .text.__malloc_unlock
                0x00000000        0x4 e:/iot/5.4 2016q2/bin/../lib/gcc/arm-none-eabi/5.4.1/../../../../arm-none-eabi/lib/armv6-m\libg.a(lib_a-mlock.o)
 .debug_frame   0x00000000       0x30 e:/iot/5.4 2016q2/bin/../lib/gcc/arm-none-eabi/5.4.1/../../../../arm-none-eabi/lib/armv6-m\libg.a(lib_a-mlock.o)
 .ARM.attributes
                0x00000000       0x2c e:/iot/5.4 2016q2/bin/../lib/gcc/arm-none-eabi/5.4.1/../../../../arm-none-eabi/lib/armv6-m\libg.a(lib_a-mlock.o)
 .text          0x00000000        0x0 e:/iot/5.4 2016q2/bin/../lib/gcc/arm-none-eabi/5.4.1/../../../../arm-none-eabi/lib/armv6-m\libg.a(lib_a-realloc.o)
 .data          0x00000000        0x0 e:/iot/5.4 2016q2/bin/../lib/gcc/arm-none-eabi/5.4.1/../../../../arm-none-eabi/lib/armv6-m\libg.a(lib_a-realloc.o)
 .bss           0x00000000        0x0 e:/iot/5.4 2016q2/bin/../lib/gcc/arm-none-eabi/5.4.1/../../../../arm-none-eabi/lib/armv6-m\libg.a(lib_a-realloc.o)
 .text.realloc  0x00000000       0x18 e:/iot/5.4 2016q2/bin/../lib/gcc/arm-none-eabi/5.4.1/../../../../arm-none-eabi/lib/armv6-m\libg.a(lib_a-realloc.o)
 .debug_frame   0x00000000       0x28 e:/iot/5.4 2016q2/bin/../lib/gcc/arm-none-eabi/5.4.1/../../../../arm-none-eabi/lib/armv6-m\libg.a(lib_a-realloc.o)
 .ARM.attributes
                0x00000000       0x2c e:/iot/5.4 2016q2/bin/../lib/gcc/arm-none-eabi/5.4.1/../../../../arm-none-eabi/lib/armv6-m\libg.a(lib_a-realloc.o)
 .text          0x00000000        0x0 e:/iot/5.4 2016q2/bin/../lib/gcc/arm-none-eabi/5.4.1/../../../../arm-none-eabi/lib/armv6-m\libg.a(lib_a-reallocr.o)
 .data          0x00000000        0x0 e:/iot/5.4 2016q2/bin/../lib/gcc/arm-none-eabi/5.4.1/../../../../arm-none-eabi/lib/armv6-m\libg.a(lib_a-reallocr.o)
 .bss           0x00000000        0x0 e:/iot/5.4 2016q2/bin/../lib/gcc/arm-none-eabi/5.4.1/../../../../arm-none-eabi/lib/armv6-m\libg.a(lib_a-reallocr.o)
 .text._realloc_r
                0x00000000      0x3dc e:/iot/5.4 2016q2/bin/../lib/gcc/arm-none-eabi/5.4.1/../../../../arm-none-eabi/lib/armv6-m\libg.a(lib_a-reallocr.o)
 .debug_frame   0x00000000       0x3c e:/iot/5.4 2016q2/bin/../lib/gcc/arm-none-eabi/5.4.1/../../../../arm-none-eabi/lib/armv6-m\libg.a(lib_a-reallocr.o)
 .ARM.attributes
                0x00000000       0x2c e:/iot/5.4 2016q2/bin/../lib/gcc/arm-none-eabi/5.4.1/../../../../arm-none-eabi/lib/armv6-m\libg.a(lib_a-reallocr.o)
 .text          0x00000000        0x0 e:/iot/5.4 2016q2/bin/../lib/gcc/arm-none-eabi/5.4.1/../../../../arm-none-eabi/lib/armv6-m\libg.a(lib_a-sbrkr.o)
 .data          0x00000000        0x0 e:/iot/5.4 2016q2/bin/../lib/gcc/arm-none-eabi/5.4.1/../../../../arm-none-eabi/lib/armv6-m\libg.a(lib_a-sbrkr.o)
 .bss           0x00000000        0x0 e:/iot/5.4 2016q2/bin/../lib/gcc/arm-none-eabi/5.4.1/../../../../arm-none-eabi/lib/armv6-m\libg.a(lib_a-sbrkr.o)
 .text._sbrk_r  0x00000000       0x24 e:/iot/5.4 2016q2/bin/../lib/gcc/arm-none-eabi/5.4.1/../../../../arm-none-eabi/lib/armv6-m\libg.a(lib_a-sbrkr.o)
 .debug_frame   0x00000000       0x2c e:/iot/5.4 2016q2/bin/../lib/gcc/arm-none-eabi/5.4.1/../../../../arm-none-eabi/lib/armv6-m\libg.a(lib_a-sbrkr.o)
 .ARM.attributes
                0x00000000       0x2c e:/iot/5.4 2016q2/bin/../lib/gcc/arm-none-eabi/5.4.1/../../../../arm-none-eabi/lib/armv6-m\libg.a(lib_a-sbrkr.o)
 .text          0x00000000        0x0 e:/iot/5.4 2016q2/bin/../lib/gcc/arm-none-eabi/5.4.1/../../../../arm-none-eabi/lib/armv6-m\libg.a(lib_a-strlen-stub.o)
 .data          0x00000000        0x0 e:/iot/5.4 2016q2/bin/../lib/gcc/arm-none-eabi/5.4.1/../../../../arm-none-eabi/lib/armv6-m\libg.a(lib_a-strlen-stub.o)
 .bss           0x00000000        0x0 e:/iot/5.4 2016q2/bin/../lib/gcc/arm-none-eabi/5.4.1/../../../../arm-none-eabi/lib/armv6-m\libg.a(lib_a-strlen-stub.o)
 .text          0x00000000        0x0 e:/iot/5.4 2016q2/bin/../lib/gcc/arm-none-eabi/5.4.1/../../../../arm-none-eabi/lib/armv6-m\libg.a(lib_a-freer.o)
 .data          0x00000000        0x0 e:/iot/5.4 2016q2/bin/../lib/gcc/arm-none-eabi/5.4.1/../../../../arm-none-eabi/lib/armv6-m\libg.a(lib_a-freer.o)
 .bss           0x00000000        0x0 e:/iot/5.4 2016q2/bin/../lib/gcc/arm-none-eabi/5.4.1/../../../../arm-none-eabi/lib/armv6-m\libg.a(lib_a-freer.o)
 .text._malloc_trim_r
                0x00000000       0xa0 e:/iot/5.4 2016q2/bin/../lib/gcc/arm-none-eabi/5.4.1/../../../../arm-none-eabi/lib/armv6-m\libg.a(lib_a-freer.o)
 .text._free_r  0x00000000      0x1c4 e:/iot/5.4 2016q2/bin/../lib/gcc/arm-none-eabi/5.4.1/../../../../arm-none-eabi/lib/armv6-m\libg.a(lib_a-freer.o)
 .debug_frame   0x00000000       0x54 e:/iot/5.4 2016q2/bin/../lib/gcc/arm-none-eabi/5.4.1/../../../../arm-none-eabi/lib/armv6-m\libg.a(lib_a-freer.o)
 .ARM.attributes
                0x00000000       0x2c e:/iot/5.4 2016q2/bin/../lib/gcc/arm-none-eabi/5.4.1/../../../../arm-none-eabi/lib/armv6-m\libg.a(lib_a-freer.o)
 .text          0x00000000        0x0 e:/iot/5.4 2016q2/bin/../lib/gcc/arm-none-eabi/5.4.1/../../../../arm-none-eabi/lib/armv6-m\libg.a(lib_a-memmove.o)
 .data          0x00000000        0x0 e:/iot/5.4 2016q2/bin/../lib/gcc/arm-none-eabi/5.4.1/../../../../arm-none-eabi/lib/armv6-m\libg.a(lib_a-memmove.o)
 .bss           0x00000000        0x0 e:/iot/5.4 2016q2/bin/../lib/gcc/arm-none-eabi/5.4.1/../../../../arm-none-eabi/lib/armv6-m\libg.a(lib_a-memmove.o)
 .text.memmove  0x00000000       0x98 e:/iot/5.4 2016q2/bin/../lib/gcc/arm-none-eabi/5.4.1/../../../../arm-none-eabi/lib/armv6-m\libg.a(lib_a-memmove.o)
 .debug_frame   0x00000000       0x2c e:/iot/5.4 2016q2/bin/../lib/gcc/arm-none-eabi/5.4.1/../../../../arm-none-eabi/lib/armv6-m\libg.a(lib_a-memmove.o)
 .ARM.attributes
                0x00000000       0x2c e:/iot/5.4 2016q2/bin/../lib/gcc/arm-none-eabi/5.4.1/../../../../arm-none-eabi/lib/armv6-m\libg.a(lib_a-memmove.o)
 .text          0x00000000        0x0 e:/iot/5.4 2016q2/bin/../lib/gcc/arm-none-eabi/5.4.1/../../../../arm-none-eabi/lib/armv6-m\libg.a(lib_a-reent.o)
 .data          0x00000000        0x0 e:/iot/5.4 2016q2/bin/../lib/gcc/arm-none-eabi/5.4.1/../../../../arm-none-eabi/lib/armv6-m\libg.a(lib_a-reent.o)
 .bss           0x00000000        0x0 e:/iot/5.4 2016q2/bin/../lib/gcc/arm-none-eabi/5.4.1/../../../../arm-none-eabi/lib/armv6-m\libg.a(lib_a-reent.o)
 .text.cleanup_glue
                0x00000000       0x1c e:/iot/5.4 2016q2/bin/../lib/gcc/arm-none-eabi/5.4.1/../../../../arm-none-eabi/lib/armv6-m\libg.a(lib_a-reent.o)
 .text._reclaim_reent
                0x00000000       0x94 e:/iot/5.4 2016q2/bin/../lib/gcc/arm-none-eabi/5.4.1/../../../../arm-none-eabi/lib/armv6-m\libg.a(lib_a-reent.o)
 .debug_frame   0x00000000       0x48 e:/iot/5.4 2016q2/bin/../lib/gcc/arm-none-eabi/5.4.1/../../../../arm-none-eabi/lib/armv6-m\libg.a(lib_a-reent.o)
 .ARM.attributes
                0x00000000       0x2c e:/iot/5.4 2016q2/bin/../lib/gcc/arm-none-eabi/5.4.1/../../../../arm-none-eabi/lib/armv6-m\libg.a(lib_a-reent.o)
 COMMON         0x00000000        0x4 e:/iot/5.4 2016q2/bin/../lib/gcc/arm-none-eabi/5.4.1/../../../../arm-none-eabi/lib/armv6-m\libg.a(lib_a-reent.o)

Memory Configuration

Name             Origin             Length             Attributes
rom              0x08000000         0x00020000         xr
ram              0x20000000         0x00004000         xrw
*default*        0x00000000         0xffffffff

Linker script and memory map

                0x20004000                _eram = 0x20004000

.text           0x08000000     0x1c54
 *(.isr_vector)
 .isr_vector    0x08000000       0xc4 ..\obj\startup_stm32f0xx.o
                0x08000000                g_pfnVectors
 *(.text*)
 .text.SH_SendChar
                0x080000c4       0x60 ..\obj\semihosting.o
                0x080000c4                SH_SendChar
 .text.RCC_GetClocksFreq
                0x08000124      0x264 ..\obj\stm32f0xx_rcc.o
                0x08000124                RCC_GetClocksFreq
 .text.NVIC_EnableIRQ
                0x08000388       0x2c ..\obj\main.o
 .text.NVIC_SetPriority
                0x080003b4       0xdc ..\obj\main.o
 .text.Delay_ms
                0x08000490       0x44 ..\obj\main.o
                0x08000490                Delay_ms
 .text.initPorts
                0x080004d4       0x2c ..\obj\main.o
                0x080004d4                initPorts
 .text.init_interrupts
                0x08000500       0xa0 ..\obj\main.o
                0x08000500                init_interrupts
 .text.main     0x080005a0      0x1e8 ..\obj\main.o
                0x080005a0                main
 .text.EXTI0_1_IRQHandler
                0x08000788       0xcc ..\obj\main.o
                0x08000788                EXTI0_1_IRQHandler
 .text.TIM7_IRQHandler
                0x08000854       0x44 ..\obj\main.o
                0x08000854                TIM7_IRQHandler
 .text.TIM6_DAC_IRQHandler
                0x08000898       0x58 ..\obj\main.o
                0x08000898                TIM6_DAC_IRQHandler
 .text.Reset_Handler
                0x080008f0       0x44 ..\obj\startup_stm32f0xx.o
                0x080008f0                Reset_Handler
 .text.Default_Handler
                0x08000934        0x2 ..\obj\startup_stm32f0xx.o
                0x08000934                PVD_VDDUSB_LP_IRQHandler
                0x08000934                TIM1_CC_IRQHandler
                0x08000934                ADC1_COMP_IRQHandler
                0x08000934                SysTick_Handler
                0x08000934                PendSV_Handler
                0x08000934                NMI_Handler
                0x08000934                I2C1_IRQHandler
                0x08000934                RCC_CRS_IRQHandler
                0x08000934                SPI1_IRQHandler
                0x08000934                USART3_4_IRQHandler
                0x08000934                EXTI2_3_IRQHandler
                0x08000934                I2C2_IRQHandler
                0x08000934                TIM17_IRQHandler
                0x08000934                CEC_CAN_IRQHandler
                0x08000934                RTC_IRQHandler
                0x08000934                DMA1_Channel4_5_6_7_IRQHandler
                0x08000934                TIM16_IRQHandler
                0x08000934                TIM3_IRQHandler
                0x08000934                EXTI4_15_IRQHandler
                0x08000934                DMA1_Channel1_IRQHandler
                0x08000934                Default_Handler
                0x08000934                TIM14_IRQHandler
                0x08000934                TIM15_IRQHandler
                0x08000934                SPI2_IRQHandler
                0x08000934                SVC_Handler
                0x08000934                USB_LP_IRQHandler
                0x08000934                TS_IRQHandler
                0x08000934                WWDG_IRQHandler
                0x08000934                TIM2_IRQHandler
                0x08000934                DMA1_Channel2_3_IRQHandler
                0x08000934                USART2_IRQHandler
                0x08000934                FLASH_IRQHandler
                0x08000934                USART1_IRQHandler
                0x08000934                TIM1_BRK_UP_TRG_COM_IRQHandler
 *fill*         0x08000936        0x2 
 .text.PrintChar
                0x08000938       0x20 ..\obj\printf.o
                0x08000938                PrintChar
 .text.PutChar  0x08000958       0x20 ..\obj\printf.o
                0x08000958                PutChar
 .text.PutString
                0x08000978       0x38 ..\obj\printf.o
                0x08000978                PutString
 .text.PutUnsignedInt
                0x080009b0       0xa8 ..\obj\printf.o
                0x080009b0                PutUnsignedInt
 .text.PutSignedInt
                0x08000a58      0x110 ..\obj\printf.o
                0x08000a58                PutSignedInt
 .text.PutHexa  0x08000b68       0xf8 ..\obj\printf.o
                0x08000b68                PutHexa
 .text.vsnprintf
                0x08000c60      0x228 ..\obj\printf.o
                0x08000c60                vsnprintf
 .text.vsprintf
                0x08000e88       0x24 ..\obj\printf.o
                0x08000e88                vsprintf
 .text.vfprintf
                0x08000eac       0x68 ..\obj\printf.o
                0x08000eac                vfprintf
 .text.vprintf  0x08000f14       0x28 ..\obj\printf.o
                0x08000f14                vprintf
 .text.printf   0x08000f3c       0x30 ..\obj\printf.o
                0x08000f3c                printf
 .text.sprintf  0x08000f6c       0x30 ..\obj\printf.o
                0x08000f6c                sprintf
 .text.puts     0x08000f9c       0x28 ..\obj\printf.o
                0x08000f9c                puts
 .text.fputc    0x08000fc4       0x40 ..\obj\printf.o
                0x08000fc4                fputc
 .text.fputs    0x08001004       0x4c ..\obj\printf.o
                0x08001004                fputs
 .text.processData
                0x08001050      0x500 ..\obj\data_processing.o
                0x08001050                processData
 .text.sendToAndroid
                0x08001550       0x50 ..\obj\data_processing.o
                0x08001550                sendToAndroid
 .text          0x080015a0       0x28 ..\obj\sh_cmd.o
                0x080015a0                SH_DoCommand
                0x080015b2                HardFault_Handler
 .text.SystemInit
                0x080015c8       0x8c ..\obj\system_stm32f0xx.o
                0x080015c8                SystemInit
 .text.SetSysClock
                0x08001654       0xe0 ..\obj\system_stm32f0xx.o
 .text.NVIC_EnableIRQ
                0x08001734       0x2c ..\obj\USART.o
 .text.NVIC_SetPriority
                0x08001760       0xdc ..\obj\USART.o
 .text.USARTInit
                0x0800183c       0x98 ..\obj\USART.o
                0x0800183c                USARTInit
 .text.USARTSendString
                0x080018d4       0x48 ..\obj\USART.o
                0x080018d4                USARTSendString
 .text.USARTSend
                0x0800191c       0x30 ..\obj\USART.o
                0x0800191c                USARTSend
 .text          0x0800194c      0x114 e:/iot/5.4 2016q2/bin/../lib/gcc/arm-none-eabi/5.4.1/armv6-m\libgcc.a(_udivsi3.o)
                0x0800194c                __aeabi_uidiv
                0x0800194c                __udivsi3
                0x08001a58                __aeabi_uidivmod
 .text          0x08001a60        0x4 e:/iot/5.4 2016q2/bin/../lib/gcc/arm-none-eabi/5.4.1/armv6-m\libgcc.a(_dvmd_tls.o)
                0x08001a60                __aeabi_idiv0
                0x08001a60                __aeabi_ldiv0
 .text.memset   0x08001a64       0x8c e:/iot/5.4 2016q2/bin/../lib/gcc/arm-none-eabi/5.4.1/../../../../arm-none-eabi/lib/armv6-m\libg.a(lib_a-memset.o)
                0x08001a64                memset
 .text.strlen   0x08001af0       0x68 e:/iot/5.4 2016q2/bin/../lib/gcc/arm-none-eabi/5.4.1/../../../../arm-none-eabi/lib/armv6-m\libg.a(lib_a-strlen-stub.o)
                0x08001af0                strlen
 *(.init)
 *(.fini)
 *crtbegin.o(.ctors)
 *crtbegin?.o(.ctors)
 *(EXCLUDE_FILE(*crtend.o *crtend?.o) .ctors)
 *(SORT(.ctors.*))
 *(.ctors)
 *crtbegin.o(.dtors)
 *crtbegin?.o(.dtors)
 *(EXCLUDE_FILE(*crtend.o *crtend?.o) .dtors)
 *(SORT(.dtors.*))
 *(.dtors)
 *(.rodata*)
 .rodata        0x08001b58        0x7 ..\obj\main.o
 *fill*         0x08001b5f        0x1 
 .rodata        0x08001b60       0xa8 ..\obj\printf.o
 .rodata        0x08001c08       0x4c ..\obj\data_processing.o
 *(.eh_fram e*)

.glue_7         0x08001c54        0x0
 .glue_7        0x08001c54        0x0 linker stubs

.glue_7t        0x08001c54        0x0
 .glue_7t       0x08001c54        0x0 linker stubs

.vfp11_veneer   0x08001c54        0x0
 .vfp11_veneer  0x08001c54        0x0 linker stubs

.v4_bx          0x08001c54        0x0
 .v4_bx         0x08001c54        0x0 linker stubs

.iplt           0x08001c54        0x0
 .iplt          0x08001c54        0x0 ..\obj\semihosting.o

.rel.dyn        0x08001c54        0x0
 .rel.iplt      0x08001c54        0x0 ..\obj\semihosting.o

.ARM.extab
 *(.ARM.extab* .gnu.linkonce.armextab.*)
                0x08001c54                __exidx_start = .

.ARM.exidx
 *(.ARM.exidx* .gnu.linkonce.armexidx.*)
                0x08001c54                __exidx_end = .
                0x08001c54                __etext = .
                0x08001c54                _sidata = __etext

.data           0x20000000      0x43c load address 0x08001c54
                0x20000000                __data_start__ = .
                0x20000000                _sdata = __data_start__
 *(vtable)
 *(.data*)
 .data          0x20000000       0x10 ..\obj\stm32f0xx_rcc.o
 .data          0x20000010      0x42c ..\obj\printf.o
                0x20000010                r
                0x20000438                _impure_ptr
                0x2000043c                . = ALIGN (0x4)
                [!provide]                PROVIDE (__preinit_array_start, .)
 *(.preinit_array)
                [!provide]                PROVIDE (__preinit_array_end, .)
                0x2000043c                . = ALIGN (0x4)
                [!provide]                PROVIDE (__init_array_start, .)
 *(SORT(.init_array.*))
 *(.init_array)
                [!provide]                PROVIDE (__init_array_end, .)
                0x2000043c                . = ALIGN (0x4)
                [!provide]                PROVIDE (__fini_array_start, .)
 *(SORT(.fini_array.*))
 *(.fini_array)
                [!provide]                PROVIDE (__fini_array_end, .)
 *(.jcr*)
                0x2000043c                . = ALIGN (0x4)
                0x2000043c                __data_end__ = .
                0x2000043c                _edata = __data_end__

.igot.plt       0x2000043c        0x0 load address 0x08002090
 .igot.plt      0x2000043c        0x0 ..\obj\semihosting.o

.bss            0x2000043c       0x18 load address 0x08002090
                0x2000043c                . = ALIGN (0x4)
                0x2000043c                __bss_start__ = .
                0x2000043c                _sbss = __bss_start__
 *(.bss*)
 .bss           0x2000043c       0x11 ..\obj\semihosting.o
 *fill*         0x2000044d        0x1 
 .bss           0x2000044e        0x4 ..\obj\main.o
                0x2000044e                catcher_status
                0x20000450                duration
 *(COMMON)
                0x20000454                . = ALIGN (0x4)
 *fill*         0x20000452        0x2 
                0x20000454                __bss_end__ = .
                0x20000454                _ebss = __bss_end__

.heap           0x20000454        0x0
                0x20000454                __end__ = .
                0x20000454                _end = __end__
                0x20000454                end = __end__
 *(.heap*)
                0x20000454                __HeapLimit = .

.co_stack       0x20000454        0x4 load address 0x080020a8
                0x20000458                . = ALIGN (0x8)
 *fill*         0x20000454        0x4 
 *(.co_stack .co_stack.*)
                0x20004000                __StackTop = (ORIGIN (ram) + LENGTH (ram))
                0x20003ffc                __StackLimit = (__StackTop - SIZEOF (.co_stack))
                [!provide]                PROVIDE (__stack, __StackTop)
                0x00000001                ASSERT ((__StackLimit >= __HeapLimit), region ram  overflowed with stack)
LOAD ..\obj\semihosting.o
LOAD ..\obj\stm32f0xx_rcc.o
LOAD ..\obj\motor_control.o
LOAD ..\obj\main.o
LOAD ..\obj\startup_stm32f0xx.o
LOAD ..\obj\printf.o
LOAD ..\obj\data_processing.o
LOAD ..\obj\HC_SR04.o
LOAD ..\obj\stm32f0xx_gpio.o
LOAD ..\obj\sh_cmd.o
LOAD ..\obj\syscalls.o
LOAD ..\obj\Array.o
LOAD ..\obj\system_stm32f0xx.o
LOAD ..\obj\USART.o
START GROUP
LOAD e:/iot/5.4 2016q2/bin/../lib/gcc/arm-none-eabi/5.4.1/armv6-m\libgcc.a
LOAD e:/iot/5.4 2016q2/bin/../lib/gcc/arm-none-eabi/5.4.1/../../../../arm-none-eabi/lib/armv6-m\libg.a
LOAD e:/iot/5.4 2016q2/bin/../lib/gcc/arm-none-eabi/5.4.1/../../../../arm-none-eabi/lib/armv6-m\libc.a
END GROUP
OUTPUT(electron_ultrasonic_2_timers.elf elf32-littlearm)

.debug_info     0x00000000     0x3123
 .debug_info    0x00000000      0x136 ..\obj\semihosting.o
 .debug_info    0x00000136      0xa41 ..\obj\stm32f0xx_rcc.o
 .debug_info    0x00000b77      0x9ec ..\obj\main.o
 .debug_info    0x00001563       0xda ..\obj\startup_stm32f0xx.o
 .debug_info    0x0000163d      0xe4a ..\obj\printf.o
 .debug_info    0x00002487      0x1fb ..\obj\data_processing.o
 .debug_info    0x00002682       0xcc ..\obj\sh_cmd.o
 .debug_info    0x0000274e      0x2fd ..\obj\system_stm32f0xx.o
 .debug_info    0x00002a4b      0x6d8 ..\obj\USART.o

.debug_abbrev   0x00000000      0xae5
 .debug_abbrev  0x00000000       0xad ..\obj\semihosting.o
 .debug_abbrev  0x000000ad      0x1ee ..\obj\stm32f0xx_rcc.o
 .debug_abbrev  0x0000029b      0x1f9 ..\obj\main.o
 .debug_abbrev  0x00000494       0x12 ..\obj\startup_stm32f0xx.o
 .debug_abbrev  0x000004a6      0x273 ..\obj\printf.o
 .debug_abbrev  0x00000719       0xcc ..\obj\data_processing.o
 .debug_abbrev  0x000007e5       0x14 ..\obj\sh_cmd.o
 .debug_abbrev  0x000007f9      0x136 ..\obj\system_stm32f0xx.o
 .debug_abbrev  0x0000092f      0x1b6 ..\obj\USART.o

.debug_aranges  0x00000000      0x370
 .debug_aranges
                0x00000000       0x30 ..\obj\semihosting.o
 .debug_aranges
                0x00000030      0x160 ..\obj\stm32f0xx_rcc.o
 .debug_aranges
                0x00000190       0x60 ..\obj\main.o
 .debug_aranges
                0x000001f0       0x28 ..\obj\startup_stm32f0xx.o
 .debug_aranges
                0x00000218       0xa0 ..\obj\printf.o
 .debug_aranges
                0x000002b8       0x28 ..\obj\data_processing.o
 .debug_aranges
                0x000002e0       0x20 ..\obj\sh_cmd.o
 .debug_aranges
                0x00000300       0x30 ..\obj\system_stm32f0xx.o
 .debug_aranges
                0x00000330       0x40 ..\obj\USART.o

.debug_ranges   0x00000000      0x2d8
 .debug_ranges  0x00000000       0x20 ..\obj\semihosting.o
 .debug_ranges  0x00000020      0x150 ..\obj\stm32f0xx_rcc.o
 .debug_ranges  0x00000170       0x50 ..\obj\main.o
 .debug_ranges  0x000001c0       0x20 ..\obj\startup_stm32f0xx.o
 .debug_ranges  0x000001e0       0x90 ..\obj\printf.o
 .debug_ranges  0x00000270       0x18 ..\obj\data_processing.o
 .debug_ranges  0x00000288       0x20 ..\obj\system_stm32f0xx.o
 .debug_ranges  0x000002a8       0x30 ..\obj\USART.o

.debug_line     0x00000000     0x11d0
 .debug_line    0x00000000       0xba ..\obj\semihosting.o
 .debug_line    0x000000ba      0x548 ..\obj\stm32f0xx_rcc.o
 .debug_line    0x00000602      0x2de ..\obj\main.o
 .debug_line    0x000008e0       0xb9 ..\obj\startup_stm32f0xx.o
 .debug_line    0x00000999      0x314 ..\obj\printf.o
 .debug_line    0x00000cad       0xfe ..\obj\data_processing.o
 .debug_line    0x00000dab       0x8e ..\obj\sh_cmd.o
 .debug_line    0x00000e39      0x183 ..\obj\system_stm32f0xx.o
 .debug_line    0x00000fbc      0x214 ..\obj\USART.o

.debug_str      0x00000000     0x1327
 .debug_str     0x00000000      0x1c4 ..\obj\semihosting.o
                                0x1fd (size before relaxing)
 .debug_str     0x000001c4      0x626 ..\obj\stm32f0xx_rcc.o
                                0x78e (size before relaxing)
 .debug_str     0x000007ea      0x492 ..\obj\main.o
                                0x752 (size before relaxing)
 .debug_str     0x00000c7c      0x4ce ..\obj\printf.o
                                0x6a6 (size before relaxing)
 .debug_str     0x0000114a       0xae ..\obj\data_processing.o
                                0x22e (size before relaxing)
 .debug_str     0x000011f8       0xaa ..\obj\system_stm32f0xx.o
                                0x29b (size before relaxing)
 .debug_str     0x000012a2       0x85 ..\obj\USART.o
                                0x557 (size before relaxing)

.comment        0x00000000       0x6e
 .comment       0x00000000       0x6e ..\obj\semihosting.o
                                 0x6f (size before relaxing)
 .comment       0x0000006e       0x6f ..\obj\stm32f0xx_rcc.o
 .comment       0x0000006e       0x6f ..\obj\main.o
 .comment       0x0000006e       0x6f ..\obj\printf.o
 .comment       0x0000006e       0x6f ..\obj\data_processing.o
 .comment       0x0000006e       0x6f ..\obj\system_stm32f0xx.o
 .comment       0x0000006e       0x6f ..\obj\USART.o

.ARM.attributes
                0x00000000       0x2f
 .ARM.attributes
                0x00000000       0x31 ..\obj\semihosting.o
 .ARM.attributes
                0x00000031       0x31 ..\obj\stm32f0xx_rcc.o
 .ARM.attributes
                0x00000062       0x31 ..\obj\main.o
 .ARM.attributes
                0x00000093       0x21 ..\obj\startup_stm32f0xx.o
 .ARM.attributes
                0x000000b4       0x31 ..\obj\printf.o
 .ARM.attributes
                0x000000e5       0x31 ..\obj\data_processing.o
 .ARM.attributes
                0x00000116       0x21 ..\obj\sh_cmd.o
 .ARM.attributes
                0x00000137       0x31 ..\obj\system_stm32f0xx.o
 .ARM.attributes
                0x00000168       0x31 ..\obj\USART.o
 .ARM.attributes
                0x00000199       0x1e e:/iot/5.4 2016q2/bin/../lib/gcc/arm-none-eabi/5.4.1/armv6-m\libgcc.a(_udivsi3.o)
 .ARM.attributes
                0x000001b7       0x1e e:/iot/5.4 2016q2/bin/../lib/gcc/arm-none-eabi/5.4.1/armv6-m\libgcc.a(_dvmd_tls.o)
 .ARM.attributes
                0x000001d5       0x2c e:/iot/5.4 2016q2/bin/../lib/gcc/arm-none-eabi/5.4.1/../../../../arm-none-eabi/lib/armv6-m\libg.a(lib_a-memset.o)
 .ARM.attributes
                0x00000201       0x2c e:/iot/5.4 2016q2/bin/../lib/gcc/arm-none-eabi/5.4.1/../../../../arm-none-eabi/lib/armv6-m\libg.a(lib_a-strlen-stub.o)

.debug_frame    0x00000000      0xac8
 .debug_frame   0x00000000       0x70 ..\obj\semihosting.o
 .debug_frame   0x00000070      0x524 ..\obj\stm32f0xx_rcc.o
 .debug_frame   0x00000594      0x120 ..\obj\main.o
 .debug_frame   0x000006b4      0x234 ..\obj\printf.o
 .debug_frame   0x000008e8       0x50 ..\obj\data_processing.o
 .debug_frame   0x00000938       0x6c ..\obj\system_stm32f0xx.o
 .debug_frame   0x000009a4       0xb0 ..\obj\USART.o
 .debug_frame   0x00000a54       0x20 e:/iot/5.4 2016q2/bin/../lib/gcc/arm-none-eabi/5.4.1/armv6-m\libgcc.a(_udivsi3.o)
 .debug_frame   0x00000a74       0x2c e:/iot/5.4 2016q2/bin/../lib/gcc/arm-none-eabi/5.4.1/../../../../arm-none-eabi/lib/armv6-m\libg.a(lib_a-memset.o)
 .debug_frame   0x00000aa0       0x28 e:/iot/5.4 2016q2/bin/../lib/gcc/arm-none-eabi/5.4.1/../../../../arm-none-eabi/lib/armv6-m\libg.a(lib_a-strlen-stub.o)
